[backblue.gif]
[fade.gif]
[index.html]
[templates.framework-y.com/signflow/HTWF/scripts/jquery.min.js]
[templates.framework-y.com/signflow/HTWF/scripts/script.js]
[templates.framework-y.com/signflow/images/favicon.png]
[templates.framework-y.com/signflow/images/logo-black.png]
[templates.framework-y.com/signflow/images/logo-retina-black.png]
[templates.framework-y.com/signflow/images/bg-img-4.jpg]
[templates.framework-y.com/signflow/images/bg-23.jpg]
[templates.framework-y.com/signflow/images/logo.png]
[templates.framework-y.com/signflow/HTWF/scripts/bootstrap/js/bootstrap.min.js]
[templates.framework-y.com/signflow/HTWF/scripts/imagesloaded.min.js]
[templates.framework-y.com/signflow/HTWF/scripts/parallax.min.js]
[templates.framework-y.com/signflow/HTWF/scripts/jquery.tab-accordion.js]
[templates.framework-y.com/signflow/HTWF/scripts/flexslider/jquery.flexslider-min.js]
[templates.framework-y.com/signflow/HTWF/scripts/jquery.magnific-popup.min.js]
[templates.framework-y.com/signflow/HTWF/scripts/jquery.progress-counter.js]
[themekit.dev/tools/sidebar/sidebar.js]
[templates.framework-y.com/signflow/pages/about-us-1.html]
[templates.framework-y.com/signflow/HTWF/scripts/bootstrap/css/bootstrap.css]
[templates.framework-y.com/signflow/HTWF/images/assets/loader.gif]
[templates.framework-y.com/signflow/HTWF/images/assets/gradient-line.png]
[templates.framework-y.com/signflow/HTWF/images/assets/gradient-line-dark.png]
[templates.framework-y.com/signflow/HTWF/images/overlay/dotted.png]
[templates.framework-y.com/signflow/HTWF/images/overlay/line-45.png]
[templates.framework-y.com/signflow/HTWF/images/overlay/carbonio.png]
[templates.framework-y.com/signflow/HTWF/images/overlay/line-45-white.png]
[templates.framework-y.com/signflow/HTWF/images/overlay/dotted-white.png]
[templates.framework-y.com/signflow/HTWF/images/overlay/carbonio-white.png]
[templates.framework-y.com/signflow/HTWF/images/overlay/tile.png]
[templates.framework-y.com/signflow/HTWF/images/overlay/points.png]
[templates.framework-y.com/signflow/HTWF/images/overlay/squares.png]
[templates.framework-y.com/signflow/HTWF/images/overlay/tv.gif]
[templates.framework-y.com/signflow/HTWF/images/assets/clouds_1.png]
[templates.framework-y.com/signflow/HTWF/images/assets/clouds_2.png]
[templates.framework-y.com/signflow/HTWF/images/assets/fog_1.png]
[templates.framework-y.com/signflow/HTWF/images/assets/fog_2.png]
[templates.framework-y.com/signflow/HTWF/images/assets/bg-gradient.png]
[templates.framework-y.com/signflow/HTWF/images/assets/dotted-line.png]
[templates.framework-y.com/signflow/HTWF/style.css]
[templates.framework-y.com/signflow/HTWF/css/animations.css]
[templates.framework-y.com/signflow/HTWF/scripts/flexslider/fonts/flexslider-icon.eot]
[templates.framework-y.com/signflow/HTWF/scripts/flexslider/fonts/flexslider-icond41d.eot]
[templates.framework-y.com/signflow/HTWF/scripts/flexslider/fonts/flexslider-icon.woff]
[templates.framework-y.com/signflow/HTWF/scripts/flexslider/fonts/flexslider-icon.ttf]
[templates.framework-y.com/signflow/HTWF/scripts/flexslider/flexslider.css]
[templates.framework-y.com/signflow/HTWF/css/components.css]
[templates.framework-y.com/signflow/HTWF/css/content-box.css]
[templates.framework-y.com/signflow/HTWF/scripts/magnific-popup.css]
[templates.framework-y.com/signflow/HTWF/scripts/jquery.bootgrid.css]
[templates.framework-y.com/signflow/images/line-2.png]
[templates.framework-y.com/signflow/images/line-1.png]
[templates.framework-y.com/signflow/images/bg-title.png]
[templates.framework-y.com/signflow/skin.css]
[templates.framework-y.com/signflow/images/bg-12.png]
[templates.framework-y.com/signflow/images/mk-13.png]
[templates.framework-y.com/signflow/images/intro/home-main.jpg]
[templates.framework-y.com/signflow/images/intro/home-freelancer.jpg]
[templates.framework-y.com/signflow/images/intro/home-business.jpg]
[templates.framework-y.com/signflow/images/intro/home-video.jpg]
[templates.framework-y.com/signflow/images/intro/home-cooworking.jpg]
[templates.framework-y.com/signflow/images/intro/home-fullpage.jpg]
[templates.framework-y.com/signflow/images/intro/home-mobile.jpg]
[templates.framework-y.com/signflow/images/intro/home-application.jpg]
[templates.framework-y.com/signflow/images/intro/home-intro.jpg]
[templates.framework-y.com/signflow/images/bg-18.png]
[templates.framework-y.com/signflow/images/box-3.png]
[templates.framework-y.com/signflow/images/box-4.png]
[templates.framework-y.com/signflow/images/box-5.png]
[templates.framework-y.com/signflow/images/box-6.png]
[templates.framework-y.com/signflow/images/home/header-classic.png]
[templates.framework-y.com/signflow/images/home/header-transparent.png]
[templates.framework-y.com/signflow/images/home/header-icons.png]
[templates.framework-y.com/signflow/images/home/header-icons-top.png]
[templates.framework-y.com/signflow/images/home/header-big-logo.png]
[templates.framework-y.com/signflow/images/home/header-middle-box.png]
[templates.framework-y.com/signflow/images/home/header-middle-logo.png]
[templates.framework-y.com/signflow/images/home/header-top-logo.png]
[templates.framework-y.com/signflow/images/home/header-side-hidden.png]
[templates.framework-y.com/signflow/images/home/header-side.png]
[templates.framework-y.com/signflow/images/home/header-subline.png]
[templates.framework-y.com/signflow/images/home/header-subtitle.png]
[templates.framework-y.com/signflow/images/bg-17.png]
[templates.framework-y.com/signflow/images/logo-htwf.png]
[templates.framework-y.com/signflow/HTWF/scripts/isotope.min.js]
[templates.framework-y.com/signflow/pages/index.html]
[templates.framework-y.com/signflow/images/long-1.jpg]
[templates.framework-y.com/signflow/images/image-1.jpg]
[templates.framework-y.com/signflow/images/image-2.jpg]
[templates.framework-y.com/signflow/images/image-3.jpg]
[www.framework-y.com/images/thumb-large.png]
[templates.framework-y.com/signflow/images/gallery/large-1.jpg]
[templates.framework-y.com/signflow/images/long-2.jpg]
[templates.framework-y.com/signflow/images/box-1.png]
[templates.framework-y.com/signflow/images/box-2.png]
[templates.framework-y.com/signflow/images/bg-14.png]
[templates.framework-y.com/signflow/images/gallery/image-1.jpg]
[templates.framework-y.com/signflow/images/gallery/image-2.jpg]
[templates.framework-y.com/signflow/images/gallery/image-9.jpg]
[templates.framework-y.com/signflow/images/gallery/image-3.jpg]
[templates.framework-y.com/signflow/HTWF/scripts/php/contact-form.js]
[templates.framework-y.com/signflow/HTWF/scripts/bootstrap/js/bootstrap.popover.min.js]
[templates.framework-y.com/signflow/HTWF/scripts/social.stream.min.js]
[templates.framework-y.com/signflow/HTWF/scripts/jquery.slimscroll.min.js]
[templates.framework-y.com/signflow/pages/index-main.html]
[templates.framework-y.com/signflow/images/hd-8.jpg]
[templates.framework-y.com/signflow/images/image-4.jpg]
[templates.framework-y.com/signflow/images/gallery/square-1.jpg]
[templates.framework-y.com/signflow/images/gallery/square-2.jpg]
[templates.framework-y.com/signflow/images/gallery/square-3.jpg]
[templates.framework-y.com/signflow/images/gallery/square-4.jpg]
[templates.framework-y.com/signflow/images/gallery/square-5.jpg]
[templates.framework-y.com/signflow/images/logos/white/logo_1.png]
[templates.framework-y.com/signflow/images/logos/white/logo_2.png]
[templates.framework-y.com/signflow/images/logos/white/logo_3.png]
[templates.framework-y.com/signflow/images/logos/white/logo_4.png]
[templates.framework-y.com/signflow/images/logos/white/logo_5.png]
[templates.framework-y.com/signflow/images/logos/white/logo_6.png]
[templates.framework-y.com/signflow/images/logos/white/logo_7.png]
[templates.framework-y.com/signflow/images/logos/white/logo_8.png]
[templates.framework-y.com/signflow/pages/index-freelancer.html]
[templates.framework-y.com/signflow/images/mk-9.png]
[templates.framework-y.com/signflow/images/mk-10.png]
[templates.framework-y.com/signflow/images/bg-8.jpg]
[templates.framework-y.com/signflow/images/bg-9.jpg]
[templates.framework-y.com/signflow/images/display-1.jpg]
[templates.framework-y.com/signflow/images/phone-1.png]
[templates.framework-y.com/signflow/images/phone-2.png]
[templates.framework-y.com/signflow/images/phone-3.png]
[templates.framework-y.com/signflow/images/phone-4.png]
[templates.framework-y.com/signflow/images/bg-10.jpg]
[templates.framework-y.com/signflow/pages/index-business.html]
[templates.framework-y.com/signflow/images/logo-retina.png]
[templates.framework-y.com/signflow/images/video-poster.jpg]
[templates.framework-y.com/signflow/images/bg-15.png]
[templates.framework-y.com/signflow/images/gallery/image-7.jpg]
[templates.framework-y.com/signflow/images/gallery/image-10.jpg]
[templates.framework-y.com/signflow/images/gallery/image-17.jpg]
[templates.framework-y.com/signflow/images/bg-16.png]
[templates.framework-y.com/signflow/images/gallery/image-5.jpg]
[templates.framework-y.com/signflow/images/gallery/image-4.jpg]
[templates.framework-y.com/signflow/images/bg-11.png]
[templates.framework-y.com/signflow/pages/index-video.html]
[templates.framework-y.com/signflow/images/image-6.jpg]
[templates.framework-y.com/signflow/images/people-1.png]
[templates.framework-y.com/signflow/images/bg-13.png]
[templates.framework-y.com/signflow/pages/index-cooworking.html]
[templates.framework-y.com/signflow/images/hd-4.jpg]
[templates.framework-y.com/signflow/images/hd-6.jpg]
[templates.framework-y.com/signflow/images/hd-5.jpg]
[templates.framework-y.com/signflow/images/hd-7.jpg]
[templates.framework-y.com/signflow/images/hd-3.jpg]
[templates.framework-y.com/signflow/images/mk-11.png]
[templates.framework-y.com/signflow/HTWF/scripts/jquery.fullPage.min.js]
[templates.framework-y.com/signflow/HTWF/scripts/google.maps.min.js]
[templates.framework-y.com/signflow/pages/index-fullpage.html]
[templates.framework-y.com/signflow/images/hd-2.jpg]
[templates.framework-y.com/signflow/images/mk-5.png]
[templates.framework-y.com/signflow/images/mk-6.png]
[templates.framework-y.com/signflow/images/bg-6.png]
[templates.framework-y.com/signflow/images/mk-7.png]
[templates.framework-y.com/signflow/images/bg-2.png]
[templates.framework-y.com/signflow/images/mk-8.png]
[templates.framework-y.com/signflow/images/users/user-17.jpg]
[templates.framework-y.com/signflow/images/bg-3.png]
[templates.framework-y.com/signflow/images/bg-gradient-3.png]
[templates.framework-y.com/signflow/pages/index-mobile.html]
[templates.framework-y.com/signflow/images/mk-4.png]
[templates.framework-y.com/signflow/images/bg-gradient.png]
[templates.framework-y.com/signflow/images/mk-1.png]
[templates.framework-y.com/signflow/images/hd-1.jpg]
[templates.framework-y.com/signflow/images/mk-2.png]
[templates.framework-y.com/signflow/images/bg-gradient-2.png]
[templates.framework-y.com/signflow/images/mk-3.png]
[templates.framework-y.com/signflow/pages/index-application.html]
[templates.framework-y.com/signflow/images/bg-img-1.png]
[templates.framework-y.com/signflow/images/bg-20.png]
[templates.framework-y.com/signflow/images/mk-12.png]
[templates.framework-y.com/signflow/pages/about-us-2.html]
[templates.framework-y.com/signflow/images/bg-22.png]
[templates.framework-y.com/signflow/pages/about-us-3.html]
[templates.framework-y.com/signflow/images/bg-gradient-4.png]
[templates.framework-y.com/signflow/images/box-7.png]
[templates.framework-y.com/signflow/pages/about-us-4.html]
[templates.framework-y.com/signflow/images/bg-img-8.png]
[templates.framework-y.com/signflow/HTWF/scripts/jquery.twbsPagination.min.js]
[templates.framework-y.com/signflow/pages/services-1.html]
[templates.framework-y.com/signflow/images/bg-img-3.png]
[templates.framework-y.com/signflow/images/gallery/image-6.jpg]
[templates.framework-y.com/signflow/pages/services-2.html]
[templates.framework-y.com/signflow/images/bg-img-10.png]
[templates.framework-y.com/signflow/images/bg-24.png]
[templates.framework-y.com/signflow/images/mk-14.png]
[templates.framework-y.com/signflow/pages/services-3.html]
[templates.framework-y.com/signflow/images/bg-img-9.png]
[templates.framework-y.com/signflow/HTWF/scripts/jquery.flipster.min.js]
[templates.framework-y.com/signflow/pages/services-4.html]
[templates.framework-y.com/signflow/pages/contacts-1.html]
[templates.framework-y.com/signflow/pages/contacts-2.html]
[templates.framework-y.com/signflow/pages/contacts-3.html]
[templates.framework-y.com/signflow/pages/contacts-4.html]
[templates.framework-y.com/signflow/pages/pricing.html]
[templates.framework-y.com/signflow/pages/faq.html]
[templates.framework-y.com/signflow/images/users/user-6.jpg]
[templates.framework-y.com/signflow/images/users/user-7.jpg]
[templates.framework-y.com/signflow/images/users/user-2.jpg]
[templates.framework-y.com/signflow/images/users/user-3.jpg]
[templates.framework-y.com/signflow/images/users/user-8.jpg]
[templates.framework-y.com/signflow/images/users/user-9.jpg]
[templates.framework-y.com/signflow/images/users/user-4.jpg]
[templates.framework-y.com/signflow/images/users/user-5.jpg]
[templates.framework-y.com/signflow/pages/team.html]
[templates.framework-y.com/signflow/images/users/user-11.jpg]
[templates.framework-y.com/signflow/images/users/user-12.jpg]
[templates.framework-y.com/signflow/images/users/user-13.jpg]
[templates.framework-y.com/signflow/images/users/user-14.jpg]
[templates.framework-y.com/signflow/images/users/user-15.jpg]
[templates.framework-y.com/signflow/images/users/user-16.jpg]
[templates.framework-y.com/signflow/images/users/user-18.jpg]
[templates.framework-y.com/signflow/pages/team-2.html]
[templates.framework-y.com/signflow/images/gallery/image-8.jpg]
[templates.framework-y.com/signflow/images/gallery/image-13.jpg]
[templates.framework-y.com/signflow/images/gallery/image-12.jpg]
[templates.framework-y.com/signflow/pages/gallery.html]
[templates.framework-y.com/signflow/images/mk-15.png]
[templates.framework-y.com/signflow/images/gallery/image-11.jpg]
[templates.framework-y.com/signflow/pages/portfolio-1-gutted-boxed.html]
[templates.framework-y.com/signflow/pages/portfolio-1-gutted-boxed-inverse.html]
[templates.framework-y.com/signflow/images/gallery/image-14.jpg]
[templates.framework-y.com/signflow/pages/portfolio-2-gutted-boxed.html]
[templates.framework-y.com/signflow/pages/portfolio-2-gutted-boxed-inverse.html]
[templates.framework-y.com/signflow/pages/portfolio-3.html]
[templates.framework-y.com/signflow/pages/portfolio-4.html]
[templates.framework-y.com/signflow/images/mk-17.png]
[templates.framework-y.com/signflow/pages/portfolio-5.html]
[templates.framework-y.com/signflow/pages/portfolio-single-1.html]
[templates.framework-y.com/signflow/pages/portfolio-single-2.html]
[templates.framework-y.com/signflow/pages/portfolio-single-3.html]
[templates.framework-y.com/signflow/pages/portfolio-single-4.html]
[templates.framework-y.com/signflow/pages/portfolio-single-5.html]
[templates.framework-y.com/signflow/images/bg-img-6.png]
[templates.framework-y.com/signflow/pages/blog-grid.html]
[templates.framework-y.com/signflow/pages/blog-social.html]
[templates.framework-y.com/signflow/pages/blog-minimal.html]
[templates.framework-y.com/signflow/images/gallery/large-3.jpg]
[templates.framework-y.com/signflow/images/gallery/large-2.jpg]
[templates.framework-y.com/signflow/pages/blog-single-1.html]
[templates.framework-y.com/signflow/pages/blog-single-2.html]
[templates.framework-y.com/signflow/pages/blog-single-3.html]
[templates.framework-y.com/signflow/pages/features/components/icons.html]
[templates.framework-y.com/signflow/pages/features/components/counters-countdown.html]
[templates.framework-y.com/signflow/pages/features/components/progress-bars.html]
[templates.framework-y.com/signflow/pages/features/components/timeline.html]
[templates.framework-y.com/signflow/pages/features/components/maps.html]
[templates.framework-y.com/signflow/images/logos/logo_1.png]
[templates.framework-y.com/signflow/images/logos/logo_2.png]
[templates.framework-y.com/signflow/images/logos/logo_3.png]
[templates.framework-y.com/signflow/images/logos/logo_4.png]
[templates.framework-y.com/signflow/images/logos/logo_5.png]
[templates.framework-y.com/signflow/images/logos/logo_6.png]
[templates.framework-y.com/signflow/images/logos/logo_7.png]
[templates.framework-y.com/signflow/images/logos/logo_8.png]
[templates.framework-y.com/signflow/HTWF/scripts/jquery.bootgrid.min.js]
[templates.framework-y.com/signflow/pages/features/components/tables.html]
[templates.framework-y.com/signflow/HTWF/scripts/php/datepicker.min.js]
[templates.framework-y.com/signflow/pages/features/components/php-contact-form.html]
[templates.framework-y.com/signflow/pages/features/components/buttons.html]
[templates.framework-y.com/signflow/pages/features/components/image-boxes.html]
[templates.framework-y.com/signflow/pages/features/components/image-boxes-advanced.html]
[templates.framework-y.com/signflow/pages/features/components/content-box.html]
[templates.framework-y.com/signflow/pages/features/components/social-media.html]
[templates.framework-y.com/signflow/pages/features/components/lists.html]
[templates.framework-y.com/signflow/pages/features/components/typography.html]
[templates.framework-y.com/signflow/pages/features/containers/list-grid.html]
[templates.framework-y.com/signflow/pages/features/containers/list-masonry.html]
[www.framework-y.com/images/large/large_wide_1.jpg]
[www.framework-y.com/images/lightbox-thumb.jpg]
[www.framework-y.com/images/large/large_wide_2.jpg]
[www.framework-y.com/images/large/large_wide_3.jpg]
[www.framework-y.com/images/large/large_wide_4.jpg]
[www.framework-y.com/images/large/large_wide_5.jpg]
[www.framework-y.com/images/thumbs/thumb_wide_1.jpg]
[www.framework-y.com/images/thumbs/thumb_wide_2.jpg]
[www.framework-y.com/images/thumbs/thumb_wide_3.jpg]
[www.framework-y.com/images/thumbs/thumb_wide_4.jpg]
[www.framework-y.com/images/thumbs/thumb_wide_5.jpg]
[www.framework-y.com/images/thumbs/thumb_wide_6.jpg]
[templates.framework-y.com/signflow/pages/features/containers/lightbox.html]
[templates.framework-y.com/signflow/pages/features/containers/sliders.html]
[templates.framework-y.com/signflow/pages/features/containers/scroll-box-collapse.html]
[templates.framework-y.com/signflow/pages/features/containers/tabs.html]
[templates.framework-y.com/signflow/pages/features/containers/accordions.html]
[templates.framework-y.com/signflow/pages/features/footers/parallax.html]
[templates.framework-y.com/signflow/pages/features/footers/minimal.html]
[templates.framework-y.com/signflow/pages/features/footers/base.html]
[templates.framework-y.com/signflow/images/bg-img-11.jpg]
[templates.framework-y.com/signflow/images/bg-img-13.jpg]
[templates.framework-y.com/signflow/pages/features/containers/section-background-image.html]
[templates.framework-y.com/signflow/pages/features/containers/section-background-image-parallax.html]
[templates.framework-y.com/signflow/images/bg-img-12.jpg]
[templates.framework-y.com/signflow/pages/features/containers/section-slider.html]
[templates.framework-y.com/signflow/pages/features/containers/section-background-video.html]
[templates.framework-y.com/signflow/HTWF/scripts/jquery.spritely.min.js]
[templates.framework-y.com/signflow/pages/features/containers/section-animations.html]
[templates.framework-y.com/signflow/pages/features/containers/section-animations-parallax.html]
[templates.framework-y.com/signflow/images/en.png]
[templates.framework-y.com/signflow/images/it.png]
[templates.framework-y.com/signflow/pages/features/menus/classic.html]
[templates.framework-y.com/signflow/pages/features/menus/classic-transparent.html]
[templates.framework-y.com/signflow/images/logo-badge.png]
[templates.framework-y.com/signflow/pages/features/menus/big-logo.html]
[templates.framework-y.com/signflow/pages/features/menus/subline.html]
[templates.framework-y.com/signflow/images/logo-margins.png]
[templates.framework-y.com/signflow/pages/features/menus/subtitle.html]
[templates.framework-y.com/signflow/images/logo-mini.png]
[templates.framework-y.com/signflow/pages/features/menus/middle-logo.html]
[templates.framework-y.com/signflow/pages/features/menus/middle-logo-top.html]
[templates.framework-y.com/signflow/pages/features/menus/middle-box.html]
[templates.framework-y.com/signflow/images/logo-margins-2.png]
[templates.framework-y.com/signflow/pages/features/menus/icons.html]
[templates.framework-y.com/signflow/images/logo-margins-3.png]
[templates.framework-y.com/signflow/pages/features/menus/icons-top.html]
[templates.framework-y.com/signflow/HTWF/scripts/metis.menu.min.js]
[templates.framework-y.com/signflow/pages/features/menus/side.html]
[templates.framework-y.com/signflow/pages/features/menus/side-lateral.html]
[templates.framework-y.com/signflow/pages/features/menus/side-simple.html]
[templates.framework-y.com/signflow/pages/features/titles/image.html]
[templates.framework-y.com/signflow/pages/features/titles/image-fullscreen.html]
[templates.framework-y.com/signflow/pages/features/titles/image-fullscreen-parallax.html]
[templates.framework-y.com/signflow/pages/features/titles/image-parallax.html]
[templates.framework-y.com/signflow/pages/features/titles/image-parallax-ken-burn.html]
[templates.framework-y.com/signflow/pages/features/titles/video-mp4.html]
[templates.framework-y.com/signflow/pages/features/titles/video-youtube.html]
[templates.framework-y.com/signflow/pages/features/titles/video-fullscreen.html]
[templates.framework-y.com/signflow/pages/features/titles/video-fullscreen-parallax.html]
[templates.framework-y.com/signflow/pages/features/titles/video-parallax.html]
[templates.framework-y.com/signflow/pages/features/titles/base-1.html]
[templates.framework-y.com/signflow/pages/features/titles/base-2.html]
[templates.framework-y.com/signflow/pages/features/titles/animation.html]
[templates.framework-y.com/signflow/pages/features/titles/animation-parallax.html]
[templates.framework-y.com/signflow/pages/features/titles/slider.html]
[templates.framework-y.com/signflow/pages/features/titles/slider-fullscreen.html]
[templates.framework-y.com/signflow/pages/features/titles/slider-fullscreen-parallax.html]
[templates.framework-y.com/signflow/pages/features/titles/slider-parallax.html]
[templates.framework-y.com/signflow/HTWF/scripts/font-awesome/css/font-awesome.css]
[templates.framework-y.com/signflow/HTWF/scripts/flexslider/fonts/flexslider-icon.svg]
[templates.framework-y.com/signflow/HTWF/css/image-box.css]
[templates.framework-y.com/signflow/HTWF/scripts/php/contact-form.css]
[templates.framework-y.com/signflow/HTWF/scripts/social.stream.css]
[templates.framework-y.com/signflow/HTWF/scripts/jquery.fullPage.css]
[templates.framework-y.com/signflow/HTWF/scripts/jquery.flipster.min.css]
[templates.framework-y.com/signflow/HTWF/scripts/font-awesome/css/font-awesome.min.css]
[templates.framework-y.com/signflow/pages/features/components/about.html]
[templates.framework-y.com/signflow/pages/features/containers/www.youtube.com/watch4552.html]
[templates.framework-y.com/signflow/pages/features/menus/index.html]
[templates.framework-y.com/signflow/HTWF/scripts/metismenu.jquery.min.html]
[templates.framework-y.com/signflow/images/bg-3.html]
